
 gcc -g p01.c
 gdb a.out
GNU gdb (Ubuntu 8.1.1-0ubuntu1) 8.1.1
Copyright (C) 2018 Free Software Foundation, Inc.
License GPLv3+: GNU GPL version 3 or later <http://gnu.org/licenses/gpl.html>
This is free software: you are free to change and redistribute it.
There is NO WARRANTY, to the extent permitted by law.  Type "show copying"
and "show warranty" for details.
This GDB was configured as "x86_64-linux-gnu".
Type "show configuration" for configuration details.
For bug reporting instructions, please see:
<http://www.gnu.org/software/gdb/bugs/>.
Find the GDB manual and other documentation resources online at:
<http://www.gnu.org/software/gdb/documentation/>.
For help, type "help".
Type "apropos word" to search for commands related to "word"...
Reading symbols from a.out...done.
(gdb) b main
Breakpoint 1 at 0x822: file p01.c, line 16.
(gdb) r
Starting program: /home/runner/TwoProgramsadayassignment/a.out 
warning: Error disabling address space randomization: Operation not permitted

 
 gcc -g p02.c
 gdb a.out
GNU gdb (Ubuntu 8.1.1-0ubuntu1) 8.1.1
Copyright (C) 2018 Free Software Foundation, Inc.
License GPLv3+: GNU GPL version 3 or later <http://gnu.org/licenses/gpl.html>
This is free software: you are free to change and redistribute it.
There is NO WARRANTY, to the extent permitted by law.  Type "show copying"
and "show warranty" for details.
This GDB was configured as "x86_64-linux-gnu".
Type "show configuration" for configuration details.
For bug reporting instructions, please see:
<http://www.gnu.org/software/gdb/bugs/>.
Find the GDB manual and other documentation resources online at:
<http://www.gnu.org/software/gdb/documentation/>.
For help, type "help".
Type "apropos word" to search for commands related to "word"...
Reading symbols from a.out...done.
(gdb) b main
Breakpoint 1 at 0x7e7: file p02.c, line 38.
(gdb) r
Starting program: /home/runner/TwoProgramsadayassignment/a.out 
warning: Error disabling address space randomization: Operation not permitted

Breakpoint 1, main () at p02.c:38
38    printf("This program is to check if a triangle is scalene\n");
(gdb) n
This program is to check if a triangle is scalene
40    a= input_side();
(gdb) s
input_side () at p02.c:3
3   {
(gdb) n
5     printf("enter the side:\n");
(gdb) n
enter the side:
6     scanf("%d",&x);
(gdb) n
6
7     return x;
(gdb) n
8   }
(gdb) n
main () at p02.c:41
41    b=input_side();
(gdb) s
input_side () at p02.c:3
3   {
(gdb) n
5     printf("enter the side:\n");
(gdb) n
enter the side:
6     scanf("%d",&x);
(gdb) n
7
7     return x;
(gdb) n
8   }
(gdb) n
main () at p02.c:42
42    c=input_side();
(gdb) s
input_side () at p02.c:3
3   {
(gdb) 5
Undefined command: "5".  Try "help".
(gdb) n
5     printf("enter the side:\n");
(gdb) n
enter the side:
6     scanf("%d",&x);
(gdb) n
5
7     return x;
(gdb) n
8   }
(gdb) n
main () at p02.c:43
43    isscalene=check_scalene(a, b, c);
(gdb) s
check_scalene (a=6, b=7, c=5) at p02.c:12
12    if(a==b || b==c || a==c)
(gdb) n
19      isscalene = 1;
(gdb) n
21    return isscalene;
(gdb) n
22  }
(gdb) n
main () at p02.c:44
44    output(a,b,c,isscalene);
(gdb) s
output (a=6, b=7, c=5, isscalene=1) at p02.c:25
25    if (isscalene == 1)
(gdb) n
27      printf("the triangle with the given sides is scalene\n");
(gdb) n
the triangle with the given sides is scalene
34  }
(gdb) n
main () at p02.c:45
45    return 0;
(gdb) n
46  }(gdb) q
A debugging session is active.

    Inferior 1 [process 557] will be killed.

Quit anyway? (y or n) y